Circuit: * C:\Users\pig\Documents\ee251\lab3\mixer-oscillator - Copy\mixer-oscillator.asc

WARNING: Node LO is floating.
WARNING: Node N015 is floating.
WARNING: Node NC_02 is floating.
WARNING: Node NC_04 is floating.
WARNING: Node NC_05 is floating.

WARNING: Less than two connections to node NC_01.  This node is used by R12.
WARNING: Less than two connections to node NC_02.  This node is used by C7.
WARNING: Less than two connections to node NC_03.  This node is used by L3.
WARNING: Less than two connections to node NC_04.  This node is used by L3.
WARNING: Less than two connections to node NC_05.  This node is used by C14.
Direct Newton iteration for .op point succeeded.

Date: Tue Feb 17 21:09:15 2026
Total elapsed time: 7.775 seconds.

tnom = 27
temp = 27
method = modified trap
totiter = 1924460
traniter = 1924454
tranpoints = 933287
accept = 637173
rejected = 296114
matrix size = 44
fillins = 30
solver = Normal
Thread vector: 1.9/1.6[2] 1.5/1.2[2] 0.3/0.4[1] 0.1/0.6[1]  2592/500
Matrix Compiler1: 4.56 KB object code size  0.6/0.4/[0.3]
Matrix Compiler2: 4.10 KB object code size  0.2/0.4/[0.2]

