Circuit: * C:\Users\pig\Documents\ee251\IFnarrowband.asc

WARNING: Node N003 is floating.

Direct Newton iteration for .op point succeeded.
Semiconductor Device Operating Points:
                        --- Bipolar Transistors ---
Name:     q:q1:1
Model:  q1:2sc2753
Ib:       1.80e-04
Ic:       1.39e-02
Vbe:      8.37e-01
Vbc:     -6.89e+00
Vce:      7.73e+00
BetaDC:   7.72e+01
Gm:       5.25e-01
Rpi:      1.49e+02
Rx:       7.00e+00
Ro:       4.08e+03
Cbe:      1.81e-11
Cbc:      4.65e-13
Cjs:      0.00e+00
BetaAC:   7.85e+01
Cbx:      0.00e+00
Ft:       4.51e+09



Date: Sat Mar 07 11:17:16 2026
Total elapsed time: 0.021 seconds.

tnom = 27
temp = 27
method = trap
totiter = 4
traniter = 0
tranpoints = 0
accept = 0
rejected = 0
matrix size = 13
fillins = 2
solver = Normal
Matrix Compiler1:      59 opcodes
Matrix Compiler2: 1.08 KB object code size
