Circuit: * C:\Users\pig\Documents\ee251\lab4\filter\filter.asc

Warning: Multiple definitions of model "2scr375p" Type: BJT
Warning: Multiple definitions of model "bc857b" Type: BJT
Warning: Multiple definitions of model "bc847c" Type: BJT
Warning: Multiple definitions of model "bc847b" Type: BJT
WARNING: Less than two connections to node NC_01.  This node is used by R1.
WARNING: Less than two connections to node NC_02.  This node is used by R2.
Direct Newton iteration for .op point succeeded.

Date: Sat Mar 07 10:18:33 2026
Total elapsed time: 0.215 seconds.

tnom = 27
temp = 27
method = trap
totiter = 4
traniter = 0
tranpoints = 0
accept = 0
rejected = 0
matrix size = 26
fillins = 2
solver = Normal
Matrix Compiler1:     100 opcodes
Matrix Compiler2: 2.08 KB object code size
