Circuit: * C:\Users\pig\Documents\ee251\lab4\filter - Copy\filter.asc

Warning: Multiple definitions of model "2scr375p" Type: BJT
Warning: Multiple definitions of model "bc857b" Type: BJT
Warning: Multiple definitions of model "bc847c" Type: BJT
Warning: Multiple definitions of model "bc847b" Type: BJT
Direct Newton iteration for .op point succeeded.

Date: Sat Jul 18 11:51:09 2026
Total elapsed time: 0.212 seconds.

tnom = 27
temp = 27
method = trap
totiter = 4
traniter = 0
tranpoints = 0
accept = 0
rejected = 0
matrix size = 23
fillins = 6
solver = Normal
Matrix Compiler1:      96 opcodes
Matrix Compiler2: 1.97 KB object code size
