Circuit: * C:\Users\pig\Documents\ee251\lab2\narrowband\narrowband.asc

WARNING: Node NC_01 is floating.

WARNING: Less than two connections to node NC_01.  This node is used by C4.
WARNING: Less than two connections to node NC_02.  This node is used by V4.
Direct Newton iteration for .op point succeeded.

Date: Mon Feb 02 23:29:33 2026
Total elapsed time: 0.019 seconds.

tnom = 27
temp = 27
method = trap
totiter = 6
traniter = 0
tranpoints = 0
accept = 0
rejected = 0
matrix size = 20
fillins = 5
solver = Normal
Matrix Compiler1:      73 opcodes
Matrix Compiler2: 1.48 KB object code size
