Circuit: * C:\Users\pig\Documents\ee251\lab3\oscillator\Draft1.asc

Warning: Multiple definitions of model "2scr375p" Type: BJT
Warning: Multiple definitions of model "bc857b" Type: BJT
Warning: Multiple definitions of model "bc847c" Type: BJT
Warning: Multiple definitions of model "bc847b" Type: BJT
Direct Newton iteration for .op point succeeded.

Date: Sat Feb 07 16:54:10 2026
Total elapsed time: 0.036 seconds.

tnom = 27
temp = 27
method = modified trap
totiter = 2089
traniter = 2082
tranpoints = 1042
accept = 1042
rejected = 0
matrix size = 8
fillins = 4
solver = Normal
Matrix Compiler1:      36 opcodes  0.1/[0.1]/0.1
Matrix Compiler2:      57 opcodes  0.1/[0.1]/0.1

