Circuit: * C:\Users\pig\Documents\ee251\lab4\broadband amp\filter.asc

Warning: Multiple definitions of model "2scr375p" Type: BJT
Warning: Multiple definitions of model "bc857b" Type: BJT
Warning: Multiple definitions of model "bc847c" Type: BJT
Warning: Multiple definitions of model "bc847b" Type: BJT
Direct Newton iteration for .op point succeeded.

Date: Mon Mar 09 22:27:28 2026
Total elapsed time: 0.110 seconds.

tnom = 27
temp = 27
method = trap
totiter = 4
traniter = 0
tranpoints = 0
accept = 0
rejected = 0
matrix size = 9
fillins = 1
solver = Normal
Matrix Compiler1:      31 opcodes
Matrix Compiler2: 729 bytes object code size
