Circuit: * C:\Users\pig\Documents\ee251\lab4\filter.asc

Warning: Multiple definitions of model "2scr375p" Type: BJT
Warning: Multiple definitions of model "bc857b" Type: BJT
Warning: Multiple definitions of model "bc847c" Type: BJT
Warning: Multiple definitions of model "bc847b" Type: BJT
WARNING: Node N003 is floating.

WARNING: Less than two connections to node N003.  This node is used by C4.
Direct Newton iteration for .op point succeeded.

Date: Mon Feb 23 22:48:50 2026
Total elapsed time: 0.063 seconds.

tnom = 27
temp = 27
method = trap
totiter = 4
traniter = 0
tranpoints = 0
accept = 0
rejected = 0
matrix size = 13
fillins = 0
solver = Normal
Matrix Compiler1:      40 opcodes
Matrix Compiler2: 973 bytes object code size
