Circuit: * C:\Users\pig\Documents\ee251\lab2\broadband\broadband.asc

WARNING: Node NC_02 is floating.

WARNING: Less than two connections to node NC_01.  This node is used by R5.
WARNING: Less than two connections to node NC_02.  This node is used by CB.
WARNING: Less than two connections to node NC_03.  This node is used by L1.
WARNING: Less than two connections to node NC_04.  This node is used by L3.
Direct Newton iteration for .op point succeeded.

Date: Wed Jan 28 12:08:18 2026
Total elapsed time: 0.031 seconds.

tnom = 27
temp = 27
method = trap
totiter = 4
traniter = 0
tranpoints = 0
accept = 0
rejected = 0
matrix size = 18
fillins = 4
solver = Normal
Matrix Compiler1:      71 opcodes
Matrix Compiler2: 1.43 KB object code size
