Circuit: * C:\Users\pig\Documents\ee251\lab3\mixer-oscillator\mixer-oscillator.asc

WARNING: Node LO is floating.
WARNING: Node N002 is floating.
WARNING: Node N007 is floating.
WARNING: Node NC_01 is floating.

WARNING: Less than two connections to node N002.  This node is used by C11.
WARNING: Less than two connections to node N007.  This node is used by C12.
WARNING: Less than two connections to node NC_01.  This node is used by C12.
WARNING: Less than two connections to node NC_02.  This node is used by R12.
WARNING: Less than two connections to node NC_03.  This node is used by R19.
Direct Newton iteration for .op point succeeded.


Measurement "t1" FAIL'ed

Measurement "t2" FAIL'ed

Measurement "frequency" FAIL'ed


Date: Thu Mar 12 16:17:47 2026
Total elapsed time: 3.689 seconds.

tnom = 27
temp = 27
method = modified trap
totiter = 930757
traniter = 930750
tranpoints = 434945
accept = 290929
rejected = 144016
matrix size = 43
fillins = 30
solver = Normal
Thread vector: 1.9/1.6[2] 1.2/1.0[2] 0.2/0.4[1] 0.1/0.6[1]  2592/500
Matrix Compiler1: 4.73 KB object code size  0.6/0.3/[0.2]
Matrix Compiler2: 4.01 KB object code size  0.3/0.3/[0.2]

