Circuit: * C:\Users\pig\Documents\ee251\lab4\filter\filter.asc

Warning: Multiple definitions of model "2scr375p" Type: BJT
Warning: Multiple definitions of model "bc857b" Type: BJT
Warning: Multiple definitions of model "bc847c" Type: BJT
Warning: Multiple definitions of model "bc847b" Type: BJT
WARNING: Node BAND is floating.

WARNING: Less than two connections to node NC_01.  This node is used by R1.
WARNING: Less than two connections to node NC_02.  This node is used by R2.
Direct Newton iteration for .op point succeeded.

Date: Fri Mar 13 10:09:56 2026
Total elapsed time: 0.034 seconds.

tnom = 27
temp = 27
method = modified trap
totiter = 2489
traniter = 2485
tranpoints = 1243
accept = 1243
rejected = 0
matrix size = 25
fillins = 15
solver = Normal
Matrix Compiler1: 2.29 KB object code size  0.3/0.2/[0.1]
Matrix Compiler2: 2.22 KB object code size  0.1/0.2/[0.1]

