Circuit: * C:\Users\pig\Documents\ee251\lab3\mixer\Draft1.asc

Warning: Multiple definitions of model "2scr375p" Type: BJT
Warning: Multiple definitions of model "bc857b" Type: BJT
Warning: Multiple definitions of model "bc847c" Type: BJT
Warning: Multiple definitions of model "bc847b" Type: BJT
Direct Newton iteration for .op point succeeded.

Date: Mon Feb 09 10:15:08 2026
Total elapsed time: 0.073 seconds.

tnom = 27
temp = 27
method = modified trap
totiter = 2114
traniter = 2082
tranpoints = 1042
accept = 1042
rejected = 0
matrix size = 11
fillins = 4
solver = Normal
Matrix Compiler1: 752 bytes object code size  0.1/0.1/[0.1]
Matrix Compiler2: off  [0.1]/0.1/0.1

